[0;34m[2025-08-13 18:19:13][0m ==========================================
[0;34m[2025-08-13 18:19:13][0m 开始启动Storage服务
[0;34m[2025-08-13 18:19:13][0m 工作目录: /home/clouditera/wuji-deployment-docker
[0;34m[2025-08-13 18:19:13][0m 详细模式: false
[0;34m[2025-08-13 18:19:13][0m 强制模式: false
[0;34m[2025-08-13 18:19:13][0m ==========================================
[0;34m[2025-08-13 18:19:13][0m Docker服务检查通过
[0;34m[2025-08-13 18:19:13][0m Docker Compose检查通过
[0;34m[2025-08-13 18:19:13][0m 准备数据目录: /var/lib/clouditera/data
[0;34m[2025-08-13 18:19:13][0m 创建数据根目录: /var/lib/clouditera/data
[0;34m[2025-08-13 18:19:13][0m 创建服务目录: /var/lib/clouditera/data/es
[0;34m[2025-08-13 18:19:13][0m 创建服务目录: /var/lib/clouditera/data/rag_data
[0;34m[2025-08-13 18:19:13][0m 创建服务目录: /var/lib/clouditera/data/rag_data/es/data
[0;34m[2025-08-13 18:19:13][0m 创建服务目录: /var/lib/clouditera/data/rag_data/es/plugins
[0;34m[2025-08-13 18:19:13][0m 设置目录权限...
[0;32m[2025-08-13 18:19:13] SUCCESS:[0m 数据目录准备完成
[0;34m[2025-08-13 18:19:13][0m 检查并清理有问题的数据目录...
[0;32m[2025-08-13 18:19:13] SUCCESS:[0m 问题数据目录清理完成
[0;34m[2025-08-13 18:19:13][0m Storage目录: /home/clouditera/wuji-deployment-docker/storage
[0;34m[2025-08-13 18:19:13][0m 正在启动服务: es
[0;32m[2025-08-13 18:19:27] SUCCESS:[0m 服务 es 启动成功
[0;34m[2025-08-13 18:19:28][0m 正在启动服务: minio
[0;32m[2025-08-13 18:19:31] SUCCESS:[0m 服务 minio 启动成功
[0;34m[2025-08-13 18:19:32][0m 正在启动服务: mongo
[0;32m[2025-08-13 18:19:38] SUCCESS:[0m 服务 mongo 启动成功
[0;34m[2025-08-13 18:19:39][0m 正在启动服务: mysql
[0;32m[2025-08-13 18:19:48] SUCCESS:[0m 服务 mysql 启动成功
[0;34m[2025-08-13 18:19:49][0m 正在启动服务: postgres
[0;32m[2025-08-13 18:19:53] SUCCESS:[0m 服务 postgres 启动成功
[0;34m[2025-08-13 18:19:54][0m 正在启动服务: qdrant
[0;32m[2025-08-13 18:19:54] SUCCESS:[0m 服务 qdrant 启动成功
[0;34m[2025-08-13 18:19:55][0m 正在启动服务: redis
[0;32m[2025-08-13 18:19:58] SUCCESS:[0m 服务 redis 启动成功
[0;34m[2025-08-13 18:19:59][0m ==========================================
[0;34m[2025-08-13 18:19:59][0m 启动完成摘要:
[0;34m[2025-08-13 18:19:59][0m 总服务数: 7
[0;34m[2025-08-13 18:19:59][0m 成功启动: 7
[0;34m[2025-08-13 18:19:59][0m 启动失败: 0
[0;34m[2025-08-13 18:19:59][0m 跳过服务: 0
[0;34m[2025-08-13 18:19:59][0m ==========================================
[0;34m[2025-08-13 18:19:59][0m 当前运行中的服务状态:
[0;34m[2025-08-13 18:19:59][0m 服务: es
[0;34m[2025-08-13 18:19:59][0m 服务: minio
[0;34m[2025-08-13 18:19:59][0m 服务: mongo
[0;34m[2025-08-13 18:19:59][0m 服务: mysql
[0;34m[2025-08-13 18:19:59][0m 服务: postgres
[0;34m[2025-08-13 18:19:59][0m 服务: qdrant
[0;34m[2025-08-13 18:19:59][0m 服务: redis
[0;32m[2025-08-13 18:20:00] SUCCESS:[0m 所有Storage服务启动完成
